// Jest Snapshot v1, https://goo.gl/fbAQLP

exports[`Edit Expense page testing should render edit expense page 1`] = `
<div>
  <ExpenseForm
    expense={
      Object {
        "amount": 123,
        "createdAt": 11,
        "description": "Gaz Bill",
        "id": 1,
        "note": "10/12",
      }
    }
    onSubmit={[Function]}
  />
  <button
    onClick={[Function]}
  >
    Remove
  </button>
</div>
`;
