// Jest Snapshot v1, https://goo.gl/fbAQLP

exports[`Help page test should render help page 1`] = `
<div>
  Wellcome from my help page component
</div>
`;
