// Jest Snapshot v1, https://goo.gl/fbAQLP

exports[`Not found page test should render not found page 1`] = `
<div>
  Wellcome from my help page component
</div>
`;
